I'm sorry, but errors were detected in your script. Please correct the
errors listed below, and try again.


File "game/script.rpy", line 66: expected statement.
    1
     ^

Ren'Py Version: Ren'Py 8.2.3.24061702
Mon Aug  5 21:13:08 2024
